// Jest Snapshot v1, https://goo.gl/fbAQLP

exports[`MovieList should match the snapshot 1`] = `
<body>
  <div>
    <div
      class="grid"
      data-testid="list"
    />
  </div>
</body>
`;
